ERROR at line 1, character 6: The variable "a" is used but not declared.
