ERROR at line 1, character 1: Unexpected symbol read and caused program failure (";").