WARNING : The variable "e" is never affected and used.
