var a;
lire a;
ecrire a;
ecrire a;
ecrire a;
ecrire 0;
ecrire a;
ecrire 0;
ecrire a;
ecrire a;
