ERROR : Incorrect value read at instruction "lire b;".