ERROR at line 2, character 5: The variable "a" has already been declared.