ERROR at line 2, character 1: The variable "d" is a constant and can't be modified.
