Lutin Compiler by H4311
In order to access the help, please use the -h option in the command line.