var a;
var b;
var c;
const d = 500.8;
const f = 4;
a := (c + d) * 3 - 5;
